// Jest Snapshot v1, https://goo.gl/fbAQLP

exports[`PLFileForm should match the snapshot 1`] = `
<v-form-stub>
  <v-card-stub
    loaderheight="4"
    tag="div"
  >
    <v-card-title-stub>
      Title
    </v-card-title-stub>
    <v-card-text-stub>
      <v-file-input-stub
        backgroundcolor=""
        clearable="true"
        clearicon="$clear"
        countersizestring="$vuetify.fileInput.counterSize"
        counterstring="$vuetify.fileInput.counter"
        errorcount="1"
        errormessages=""
        hidedetails="auto"
        loaderheight="2"
        messages=""
        outlined="true"
        prependicon="$file"
        rules=""
        successmessages=""
        truncatelength="22"
        type="file"
      />
    </v-card-text-stub>
    <v-card-actions-stub>
      <v-spacer-stub />
      <pl-cancel-btn-stub />
      <pl-done-btn-stub />
    </v-card-actions-stub>
  </v-card-stub>
</v-form-stub>
`;
