// Jest Snapshot v1, https://goo.gl/fbAQLP

exports[`PLPlusFab should match the snapshot 1`] = `
<v-btn-stub
  activeclass=""
  bottom="true"
  color="primary"
  elevation="16"
  fab="true"
  fixed="true"
  large="true"
  right="true"
  tag="button"
  type="button"
>
  <v-icon-stub>
    mdi-plus
  </v-icon-stub>
</v-btn-stub>
`;
