// Jest Snapshot v1, https://goo.gl/fbAQLP

exports[`PLTextarea should match the snapshot 1`] = `
<v-textarea-stub
  backgroundcolor=""
  clearicon="$clear"
  errorcount="1"
  errormessages=""
  hidedetails="auto"
  loaderheight="2"
  messages=""
  outlined="true"
  rowheight="24"
  rows="5"
  rules=""
  successmessages=""
  type="text"
/>
`;
